// Jest Snapshot v1, https://goo.gl/fbAQLP

exports[`App renders correctly 1`] = `
<DocumentFragment>
  <div
    class="weather-app"
  >
    <h1>
      Manchester, UK
    </h1>
    <div
      class="forecast-summaries"
    >
      <div
        class="forecast-summary"
        data-testid="forecast-summary"
      >
        <div
          class="forecast-summary_date"
        >
          Mon Apr 30 2018
        </div>
        <div
          class="forecast-summary_icon"
          data-testid="forecast-icon"
        >
          <img
            alt="thunderstorm"
            src="../images/800.png"
          />
        </div>
        <div
          class="forecast-summary_temperature"
        >
          11°C
        </div>
        <div
          class="forecast-summary_description"
        >
          Clear
        </div>
        <button
          type="button"
        >
          More details
        </button>
      </div>
      <div
        class="forecast-summary"
        data-testid="forecast-summary"
      >
        <div
          class="forecast-summary_date"
        >
          Tue May 01 2018
        </div>
        <div
          class="forecast-summary_icon"
          data-testid="forecast-icon"
        >
          <img
            alt="thunderstorm"
            src="../images/200.png"
          />
        </div>
        <div
          class="forecast-summary_temperature"
        >
          13°C
        </div>
        <div
          class="forecast-summary_description"
        >
          Stormy
        </div>
        <button
          type="button"
        >
          More details
        </button>
      </div>
      <div
        class="forecast-summary"
        data-testid="forecast-summary"
      >
        <div
          class="forecast-summary_date"
        >
          Wed May 02 2018
        </div>
        <div
          class="forecast-summary_icon"
          data-testid="forecast-icon"
        >
          <img
            alt="thunderstorm"
            src="../images/600.png"
          />
        </div>
        <div
          class="forecast-summary_temperature"
        >
          1°C
        </div>
        <div
          class="forecast-summary_description"
        >
          Heavy Snow
        </div>
        <button
          type="button"
        >
          More details
        </button>
      </div>
      <div
        class="forecast-summary"
        data-testid="forecast-summary"
      >
        <div
          class="forecast-summary_date"
        >
          Thu May 03 2018
        </div>
        <div
          class="forecast-summary_icon"
          data-testid="forecast-icon"
        >
          <img
            alt="thunderstorm"
            src="../images/700.png"
          />
        </div>
        <div
          class="forecast-summary_temperature"
        >
          20°C
        </div>
        <div
          class="forecast-summary_description"
        >
          Tornado
        </div>
        <button
          type="button"
        >
          More details
        </button>
      </div>
      <div
        class="forecast-summary"
        data-testid="forecast-summary"
      >
        <div
          class="forecast-summary_date"
        >
          Fri May 04 2018
        </div>
        <div
          class="forecast-summary_icon"
          data-testid="forecast-icon"
        >
          <img
            alt="thunderstorm"
            src="../images/700.png"
          />
        </div>
        <div
          class="forecast-summary_temperature"
        >
          25°C
        </div>
        <div
          class="forecast-summary_description"
        >
          Hazy
        </div>
        <button
          type="button"
        >
          More details
        </button>
      </div>
    </div>
    <div
      class="forecast-details"
    >
      <ul>
        <li>
          Date:Mon Apr 30 2018
        </li>
        <li>
          Temperature High/Low:114
        </li>
        <li>
          Wind Speed/Direction:13s
        </li>
        <li>
          Humidity:30%
        </li>
      </ul>
    </div>
  </div>
</DocumentFragment>
`;
