// Jest Snapshot v1, https://goo.gl/fbAQLP

exports[`ForecastDetails renders correctly 1`] = `
<DocumentFragment>
  <div
    class="forecast-details"
  >
    <ul>
      <li>
        Date:Mon Apr 30 2018
      </li>
      <li>
        Temperature High/Low:2212
      </li>
      <li>
        Wind Speed/Direction:13s
      </li>
      <li>
        Humidity:30%
      </li>
    </ul>
  </div>
</DocumentFragment>
`;
